app/page.tsx(1,8): error TS1192: Module '"C:/Users/Admin/Desktop/Flight/insta-saver/components/ui/modern-animated-sign-in"' has no default export.
components/ui/modern-animated-sign-in.tsx(515,10): error TS2322: Type '{ fieldPerRow: number; onSubmit: (event: FormEvent<HTMLFormElement>) => void; goTo: (event: MouseEvent<HTMLButtonElement, MouseEvent>) => void; ... 5 more ...; textVariantButton?: string | undefined; }' is not assignable to type 'AnimatedFormProps'.
  Types of property 'fields' are incompatible.
    Type '{ label: string; required?: boolean | undefined; type: string; placeholder: string; onChange: (event: ChangeEvent<HTMLInputElement>) => void; }[]' is not assignable to type 'Field[]'.
      Type '{ label: string; required?: boolean | undefined; type: string; placeholder: string; onChange: (event: ChangeEvent<HTMLInputElement>) => void; }' is not assignable to type 'Field'.
        Types of property 'type' are incompatible.
          Type 'string' is not assignable to type 'FieldType'.
